// Jest Snapshot v1, https://goo.gl/fbAQLP

exports[`Button tests should match snapshot 1`] = `
<button
  className="  "
  onClick={[Function]}
>
  Test
</button>
`;
