// Jest Snapshot v1, https://goo.gl/fbAQLP

exports[`Head tests should match snapshot 1`] = `null`;
