// Jest Snapshot v1, https://goo.gl/fbAQLP

exports[`App test should match snapshot 1`] = `
<div
  className=""
>
  <div />
  <p
    className="TextBlock "
  >
    There are no movies
  </p>
</div>
`;
